
Loading safetensors checkpoint shards:   0% Completed | 0/1 [00:00<?, ?it/s]

Loading safetensors checkpoint shards: 100% Completed | 1/1 [00:03<00:00,  3.93s/it]

Loading safetensors checkpoint shards: 100% Completed | 1/1 [00:03<00:00,  3.93s/it]


Capturing CUDA graph shapes:   0%|          | 0/35 [00:00<?, ?it/s]
Capturing CUDA graph shapes:   3%|▎         | 1/35 [00:00<00:15,  2.25it/s]
Capturing CUDA graph shapes:   6%|▌         | 2/35 [00:00<00:13,  2.52it/s]
Capturing CUDA graph shapes:   9%|▊         | 3/35 [00:01<00:11,  2.67it/s]
Loading safetensors checkpoint shards:   0% Completed | 0/1 [00:00<?, ?it/s]

Capturing CUDA graph shapes:  11%|█▏        | 4/35 [00:01<00:11,  2.71it/s]
Capturing CUDA graph shapes:  14%|█▍        | 5/35 [00:01<00:10,  2.74it/s]
Capturing CUDA graph shapes:  17%|█▋        | 6/35 [00:02<00:10,  2.74it/s]
Capturing CUDA graph shapes:  20%|██        | 7/35 [00:02<00:10,  2.76it/s]
Loading safetensors checkpoint shards: 100% Completed | 1/1 [00:01<00:00,  1.31s/it]

Loading safetensors checkpoint shards: 100% Completed | 1/1 [00:01<00:00,  1.31s/it]


Capturing CUDA graph shapes:  23%|██▎       | 8/35 [00:02<00:09,  2.77it/s]
Capturing CUDA graph shapes:  26%|██▌       | 9/35 [00:03<00:09,  2.74it/s]
Capturing CUDA graph shapes:  29%|██▊       | 10/35 [00:03<00:09,  2.74it/s]
Capturing CUDA graph shapes:  31%|███▏      | 11/35 [00:04<00:08,  2.73it/s]
Capturing CUDA graph shapes:  34%|███▍      | 12/35 [00:04<00:08,  2.71it/s]
Capturing CUDA graph shapes:  37%|███▋      | 13/35 [00:04<00:08,  2.71it/s]
Capturing CUDA graph shapes:  40%|████      | 14/35 [00:05<00:07,  2.69it/s]
Capturing CUDA graph shapes:  43%|████▎     | 15/35 [00:05<00:07,  2.69it/s]
Capturing CUDA graph shapes:  46%|████▌     | 16/35 [00:05<00:07,  2.69it/s]
Capturing CUDA graph shapes:  49%|████▊     | 17/35 [00:06<00:06,  2.69it/s]
Capturing CUDA graph shapes:   0%|          | 0/35 [00:00<?, ?it/s]
Capturing CUDA graph shapes:  51%|█████▏    | 18/35 [00:06<00:06,  2.69it/s]
Capturing CUDA graph shapes:   3%|▎         | 1/35 [00:00<00:13,  2.56it/s]
Capturing CUDA graph shapes:  54%|█████▍    | 19/35 [00:07<00:05,  2.70it/s]
Capturing CUDA graph shapes:   6%|▌         | 2/35 [00:00<00:12,  2.63it/s]
Capturing CUDA graph shapes:  57%|█████▋    | 20/35 [00:07<00:05,  2.70it/s]
Capturing CUDA graph shapes:   9%|▊         | 3/35 [00:01<00:12,  2.66it/s]
Capturing CUDA graph shapes:  60%|██████    | 21/35 [00:07<00:05,  2.71it/s]Traceback (most recent call last):
  File "/gpfs/home5/jvelja/learn_to_verify/
  .py", line 94, in <module>
    def visualize_status(processing_status: Dict[str, Dict[str, Any]]) -> str:
                                            ^^^^
NameError: name 'Dict' is not defined. Did you mean: 'dict'?

Capturing CUDA graph shapes:  11%|█▏        | 4/35 [00:01<00:12,  2.58it/s]
Capturing CUDA graph shapes:  63%|██████▎   | 22/35 [00:08<00:04,  2.68it/s]
Capturing CUDA graph shapes:  14%|█▍        | 5/35 [00:01<00:11,  2.58it/s]
Capturing CUDA graph shapes:  66%|██████▌   | 23/35 [00:08<00:04,  2.65it/s]
Capturing CUDA graph shapes:  17%|█▋        | 6/35 [00:02<00:11,  2.59it/s]